// Jest Snapshot v1, https://goo.gl/fbAQLP

exports[`renders correctly 1`] = `
<div
  className="flex py-3"
>
  <a
    className="box-outline text-link flex items-center pr-2 py-2 dark:text-white underline text-sm font-medium dark:bg-dark-gray bg-white"
    href="/"
    rel="prev"
  >
    <svg
      aria-hidden={true}
      className="MuiSvgIcon-root"
      focusable="false"
      viewBox="0 0 24 24"
    >
      <path
        d="M15.41 7.41L14 6l-6 6 6 6 1.41-1.41L10.83 12z"
      />
    </svg>
    <span
      className=""
    >
      Prev
    </span>
  </a>
  <a
    className="box-outline text-link flex items-center ml-auto pl-2 py-2 dark:text-white underline text-sm font-medium dark:bg-dark-gray bg-white"
    href="/page/3"
    rel="next"
  >
    <span>
      Next
    </span>
    <svg
      aria-hidden={true}
      className="MuiSvgIcon-root"
      focusable="false"
      viewBox="0 0 24 24"
    >
      <path
        d="M10 6L8.59 7.41 13.17 12l-4.58 4.59L10 18l6-6z"
      />
    </svg>
  </a>
</div>
`;
